1789497989: mosquitto version 2.1.2 starting
1789497989: Config loaded from /mosquitto/config/mosquitto.conf.
1789497989: Bridge support available.
1789497989: Persistence support available.
1789497989: TLS support available.
1789497989: TLS-PSK support available.
1789497989: Websockets support available.
1789497989: Opening ipv4 listen socket on port 1883.
1789497989: Opening ipv4 listen socket on port 9001.
1789497989: Opening ipv6 listen socket on port 9001.
1789497989: mosquitto version 2.1.2 running
1789498267: mosquitto version 2.1.2 terminating
1789498267: Saving in-memory database to /mosquitto/data//mosquitto.db.
1789498294: mosquitto version 2.1.2 starting
1789498294: Config loaded from /mosquitto/config/mosquitto.conf.
1789498294: Bridge support available.
1789498294: Persistence support available.
1789498294: TLS support available.
1789498294: TLS-PSK support available.
1789498294: Websockets support available.
1789498294: Opening ipv4 listen socket on port 1883.
1789498294: Opening ipv4 listen socket on port 9001.
1789498294: Opening ipv6 listen socket on port 9001.
1789498294: mosquitto version 2.1.2 running
1789498436: mosquitto version 2.1.2 terminating
1789498436: Saving in-memory database to /mosquitto/data//mosquitto.db.
1789498507: mosquitto version 2.1.2 starting
1789498507: Config loaded from /mosquitto/config/mosquitto.conf.
1789498507: Bridge support available.
1789498507: Persistence support available.
1789498507: TLS support available.
1789498507: TLS-PSK support available.
1789498507: Websockets support available.
1789498507: Opening ipv4 listen socket on port 1883.
1789498507: Opening ipv4 listen socket on port 9001.
1789498507: Opening ipv6 listen socket on port 9001.
1789498507: mosquitto version 2.1.2 running
1789498580: mosquitto version 2.1.2 terminating
1789498580: Saving in-memory database to /mosquitto/data//mosquitto.db.
1789498626: mosquitto version 2.1.2 starting
1789498626: Config loaded from /mosquitto/config/mosquitto.conf.
1789498626: Bridge support available.
1789498626: Persistence support available.
1789498626: TLS support available.
1789498626: TLS-PSK support available.
1789498626: Websockets support available.
1789498626: Opening ipv4 listen socket on port 1883.
1789498626: Opening ipv4 listen socket on port 9001.
1789498626: Opening ipv6 listen socket on port 9001.
1789498626: mosquitto version 2.1.2 running
1789498809: mosquitto version 2.1.2 terminating
1789498809: Saving in-memory database to /mosquitto/data//mosquitto.db.
